// Jest Snapshot v1, https://goo.gl/fbAQLP

exports[`Components / Modal / Header matches snapshot 1`] = `
<body>
  <div>
    <div
      class="modal__header"
    >
      Modal Header
    </div>
  </div>
</body>
`;
