// Jest Snapshot v1, https://goo.gl/fbAQLP

exports[`Components / Modal / Body matches snapshot 1`] = `
<body>
  <div>
    <div
      aria-hidden="true"
      class="modal"
      role="dialog"
      tabindex="-1"
    >
      Modal
    </div>
  </div>
</body>
`;
