// Jest Snapshot v1, https://goo.gl/fbAQLP

exports[`Components / Progress / Bar matches snapshot 1`] = `
<body>
  <div>
    <span
      class="progress__bar"
      role="progressbar"
      style="width: 25%;"
    />
  </div>
</body>
`;
