// Jest Snapshot v1, https://goo.gl/fbAQLP

exports[`Components / Progress / Label matches snapshot 1`] = `
<body>
  <div>
    <div
      class="progress__label"
    >
      Abc
    </div>
  </div>
</body>
`;
