// Jest Snapshot v1, https://goo.gl/fbAQLP

exports[`Components / Dropdown / Divider matches snapshot 1`] = `
<body>
  <div>
    <div
      class="dropdown__divider"
    />
  </div>
</body>
`;
