// Jest Snapshot v1, https://goo.gl/fbAQLP

exports[`Components / Dropdown matches snapshot 1`] = `
<body>
  <div>
    <div
      class="dropdown"
    >
      Dropdown
    </div>
  </div>
</body>
`;
