// Jest Snapshot v1, https://goo.gl/fbAQLP

exports[`Components / Dropdown / Item matches snapshot 1`] = `
<body>
  <div>
    <div
      aria-selected="false"
      class="dropdown__item"
      role="option"
    >
      Dropdown Item
    </div>
  </div>
</body>
`;
