// Jest Snapshot v1, https://goo.gl/fbAQLP

exports[`Components / Image matches snapshot 1`] = `
<body>
  <div>
    <span
      class="image image--rounded"
    >
      <img
        class="invisible"
        src=""
      />
    </span>
  </div>
</body>
`;
