// Jest Snapshot v1, https://goo.gl/fbAQLP

exports[`Components / Grid / Col matches snapshot 1`] = `
<body>
  <div>
    <div
      class="col"
    >
      Col
    </div>
  </div>
</body>
`;
