// Jest Snapshot v1, https://goo.gl/fbAQLP

exports[`Components / Grid matches snapshot 1`] = `
<body>
  <div>
    <div
      class="grid"
    >
      Grid
    </div>
  </div>
</body>
`;
