// Jest Snapshot v1, https://goo.gl/fbAQLP

exports[`Components / Grid / Row matches snapshot 1`] = `
<body>
  <div>
    <div
      class="row"
    >
      Row
    </div>
  </div>
</body>
`;
